[2026-01-27T12:09:21.274Z] INFO: Middlewares loaded
[2026-01-27T12:09:21.776Z] INFO: Database connected
[2026-01-27T12:09:21.778Z] INFO: Routes mounted: 1 endpoint
[2026-01-27T12:09:21.782Z] INFO: Server started on port 3000
[2026-01-27T13:50:24.413Z] INFO: Middlewares loaded
[2026-01-27T13:50:24.915Z] INFO: Database connected
[2026-01-27T13:50:24.917Z] INFO: Routes mounted: 1 endpoint
[2026-01-27T13:50:24.921Z] INFO: Server started on port 3000
[2026-01-28T13:07:11.976Z] INFO: Middlewares loaded
[2026-01-28T13:07:12.480Z] INFO: Database connected
[2026-01-28T13:07:12.482Z] INFO: Routes mounted: 1 endpoint
[2026-01-28T13:07:12.486Z] INFO: Server started on port 3000
[2026-01-28T13:09:17.803Z] INFO: Middlewares loaded
[2026-01-28T13:09:18.305Z] INFO: Database connected
[2026-01-28T13:09:18.308Z] INFO: Routes mounted: 1 endpoint
[2026-01-28T13:09:18.313Z] INFO: Server started on port 2000
[2026-01-28T13:11:34.370Z] INFO: Middlewares loaded
[2026-01-28T13:11:34.873Z] INFO: Database connected
[2026-01-28T13:11:34.874Z] INFO: Routes mounted: 1 endpoint
[2026-01-28T13:11:34.879Z] INFO: Server started on port 2000
[2026-01-28T13:38:05.660Z] INFO: Middlewares loaded
[2026-01-28T13:38:05.704Z] INFO: Database connected
[2026-01-28T13:38:05.704Z] INFO: Routes mounted: 1 endpoint
[2026-01-28T13:38:05.707Z] INFO: Server started on port 3000
[2026-01-28T13:38:49.162Z] INFO: Middlewares loaded
[2026-01-28T13:38:49.205Z] INFO: Database connected
[2026-01-28T13:38:49.205Z] INFO: Routes mounted: 1 endpoint
[2026-01-28T13:38:49.208Z] INFO: Server started on port 3000
[2026-01-28T13:54:58.459Z] INFO: Middlewares loaded
[2026-01-28T13:54:58.503Z] INFO: Database connected
[2026-01-28T13:54:58.504Z] INFO: Routes mounted: 1 endpoint
[2026-01-28T13:54:58.507Z] INFO: Server started on port 3000
[2026-01-28T14:01:00.982Z] INFO: Middlewares loaded
[2026-01-28T14:01:01.028Z] INFO: Database connected
[2026-01-28T14:01:01.029Z] INFO: Routes mounted: 1 endpoint
[2026-01-28T14:01:01.034Z] INFO: Server started on port 3000
[2026-01-28T14:14:41.530Z] INFO: Middlewares loaded
[2026-01-28T14:14:41.576Z] INFO: Database connected
[2026-01-28T14:14:41.577Z] INFO: Routes mounted: 1 endpoint
[2026-01-28T14:14:41.580Z] INFO: Server started on port 3000
[2026-01-28T14:23:13.368Z] INFO: Middlewares loaded
[2026-01-28T14:23:13.407Z] INFO: Database connected
[2026-01-28T14:23:13.408Z] INFO: Routes mounted: 1 endpoint
[2026-01-28T14:23:13.412Z] INFO: Server started on port 3000
[2026-01-29T08:04:48.870Z] INFO: Middlewares loaded
[2026-01-29T08:04:48.919Z] INFO: Database connected
[2026-01-29T08:04:48.920Z] INFO: Routes mounted: 1 endpoint
[2026-01-29T08:04:48.926Z] INFO: Server started on port 3000
[2026-01-29T14:21:41.410Z] INFO: Middlewares loaded
[2026-01-29T14:21:41.439Z] INFO: Database connected
[2026-01-29T14:21:41.439Z] INFO: Routes mounted: /products, /users
[2026-01-29T14:21:41.441Z] INFO: Server started on port 3000
[2026-02-02T14:06:48.990Z] INFO: Middlewares loaded
[2026-02-02T14:06:49.012Z] INFO: Database connected
[2026-02-02T14:06:49.012Z] INFO: Routes mounted: /products, /users
[2026-02-02T14:06:49.014Z] INFO: Server started on port 3000
[2026-02-03T06:53:53.519Z] INFO: Middlewares loaded
[2026-02-03T06:53:53.576Z] INFO: Database connected
[2026-02-03T06:53:53.576Z] INFO: Routes mounted: /products, /users
[2026-02-03T06:53:53.581Z] INFO: Server started on port 3000
[2026-02-03T07:31:02.224Z] INFO: Middlewares loaded
[2026-02-03T07:31:02.263Z] INFO: Database connected
[2026-02-03T07:31:02.264Z] INFO: Routes mounted: /products, /users
[2026-02-03T07:31:02.269Z] INFO: Server started on port 3000
[2026-02-03T11:11:25.343Z] [NO-REQ-ID] INFO: Middlewares loaded
[2026-02-03T11:11:25.374Z] [NO-REQ-ID] INFO: Database connected
[2026-02-03T11:11:25.374Z] [NO-REQ-ID] INFO: Routes mounted: /products, /users
[2026-02-03T11:11:25.376Z] [NO-REQ-ID] INFO: Server started on port 3000
[2026-02-03T11:12:23.008Z] [9d86b8e4-c4aa-4682-bf85-0de1c84a2a87] INFO: User created & email job queued
[2026-02-03T11:12:23.010Z] [NO-REQ-ID] INFO: [JOB:1] Sending email to aryan@test.com
[2026-02-03T11:12:25.011Z] [NO-REQ-ID] INFO: [JOB:1] Email sent successfully
[2026-02-03T12:04:28.847Z] [d6ba45dd-ac5d-48f1-9f6d-2a5781b3179b] INFO: User created & email job queued
[2026-02-03T12:04:28.848Z] [NO-REQ-ID] INFO: [JOB:2] Sending email to aryan@test1.com
[2026-02-03T12:04:30.848Z] [NO-REQ-ID] INFO: [JOB:2] Email sent successfully
[2026-02-03T12:05:36.057Z] [a6591c25-9db9-4ad9-93c2-3e70e1061a00] INFO: User created & email job queued
[2026-02-03T12:05:36.057Z] [NO-REQ-ID] INFO: [JOB:3] Sending email to aryan@test1.com
[2026-02-03T12:05:38.057Z] [NO-REQ-ID] INFO: [JOB:3] Email sent successfully
[2026-02-03T12:06:50.863Z] [d2762735-617e-4b6d-b149-5828afe9bd3a] INFO: creating Product
[2026-02-03T12:06:50.866Z] [d2762735-617e-4b6d-b149-5828afe9bd3a] INFO: Product created successfully
[2026-02-03T12:07:50.097Z] [212baaee-f9a8-4bbc-bf6d-751bdfe901b9] INFO: creating Product
[2026-02-03T12:07:50.101Z] [212baaee-f9a8-4bbc-bf6d-751bdfe901b9] INFO: Product created successfully
[2026-02-03T12:09:45.721Z] [d3105558-a536-4a58-bcf1-81394c000a0a] INFO: creating Product
[2026-02-03T12:09:45.722Z] [d3105558-a536-4a58-bcf1-81394c000a0a] ERROR: Product validation failed: price: Path `price` is required., name: Path `name` is required.
