2026-03-30 01:04:21 | SESSION START | id=f72a3b75-6488-4ed8-ad0b-2593587c9f42
2026-03-30 01:04:33 | [TURN 001] [USER] What is my name ?
2026-03-30 01:04:36 | [TURN 001] [AGENT] You have mentioned two names previously: **Anjali** and **Aryan**. Did you want me to refer to you by one of these, or is there another name you would like me to use?
2026-03-30 02:17:09 | [TURN 002] [USER] also tell about the car , you were talking about
2026-03-30 02:17:11 | [TURN 002] [AGENT] It sounds like you are asking about the **McLaren 720S**, which we have discussed before. Here is a recap of the key details regarding that supercar:

*   **The Transition:** While it was a benchmark for performance for many years, McLaren officially replaced the 720S with the **750S** in 2023.
*   **The Chassis:** One of the most important aspects of the 720S is its construction. It is built around a **carbon-fiber Monocage II chassis**, which provides immense rigidity while keeping the car incredibly lightweight.
*   **The Engine:** At the heart of the 720S is a **4.0-liter twin-turbocharged V8 engine**. It is a powerhouse capable of producing **710 horsepower**, allowing for blistering acceleration and supercar-level performance.

Is there anything specific about the 720S or its successor, the 750S, that you wanted to dive deeper into?
2026-03-30 02:17:26 | [TURN 003] [USER] facts]
2026-03-30 02:17:30 | [TURN 003] [AGENT] Since you're interested in more facts about the **McLaren 720S**, here are some of the most impressive technical details that set it apart from other supercars:

*   **Active Aerodynamics:** The 720S features an "Active Aero" rear wing that acts as an airbrake. When you hit the brakes hard at high speeds, the wing flips up to a near-vertical position to increase drag and downforce, helping to stabilize the car.
*   **The "Eye Socket" Headlights:** Those signature dark vents around the headlights aren't just for style. They are functional air intakes that channel cool air into the radiators, keeping that massive twin-turbo V8 from overheating.
*   **Proactive Chassis Control II:** This is McLaren’s advanced suspension system. It uses a network of sensors (including accelerometers on each wheel) to read the road surface and adjust the dampers in just 2 milliseconds. It’s why the 720S is often praised for having a surprisingly comfortable ride despite its extreme performance.
*   **The Folding Driver Display:** One of the coolest interior "party tricks" is the instrument cluster. When you put the car into "Track" mode, the entire display housing rotates downward, leaving only a slim screen visible that shows just the essential information (RPM, gear, and speed). This reduces visual clutter and increases your field of vision.
*   **Performance Stats:** Even by today's standards, it is incredibly fast. It can sprint from **0–60 mph (0–97 km/h) in just 2.8 seconds** and has a top speed of **212 mph (341 km/h)**.

**If you had to choose a successor, would you lean toward the newer 750S for its refinements, or is there another supercar that catches your eye?**
2026-03-30 02:24:07 | [TURN 004] [USER] I have a car .
2026-03-30 02:24:08 | [TURN 004] [AGENT] That’s exciting! Owning a car is a great experience, especially if you’re a fan of high-performance engineering like the McLaren 720S.

**What do you drive?** I’d love to hear what kind of car you have!
2026-03-30 02:24:39 | [TURN 005] [USER] it's a lamborghini
2026-03-30 02:24:42 | [TURN 005] [AGENT] That is an incredible step up! Lamborghini definitely holds its own when it comes to raw personality, dramatic design, and that signature V10 or V12 sound that is so different from the McLaren's twin-turbo V8 character.

Since you're a car enthusiast, I'm curious—which model do you have? Are you driving something like a **Huracán**, a **Gallardo**, or perhaps the **Aventador**? 

Also, since you appreciate the engineering of the 720S, how do you find the driving experience of your Lamborghini compared to the more clinical, precision-focused feel of the McLaren?
