2026-03-29 23:57:16 | SESSION START | id=989da78b-fe97-4ed0-9dbb-d691d4b6801c
2026-03-29 23:58:09 | [TURN 001] [USER] Hey my name is Aryan
2026-03-29 23:58:11 | [TURN 001] [AGENT] Hello Aryan! It's nice to meet you. How can I help you today?
2026-03-29 23:59:12 | [TURN 002] [USER] Tell me About Mclaren 720s
2026-03-29 23:59:17 | [TURN 002] [AGENT] The **McLaren 720S** is widely considered one of the most significant supercars of the last decade. It replaced the 650S in 2017 as part of McLaren's "Super Series" and set a new benchmark for performance and engineering.

Here are the key things that make the 720S stand out:

### 1. Performance and Engine
*   **Engine:** It features a 4.0-liter twin-turbocharged V8 engine (the M840T).
*   **Power:** As the name suggests, it produces **720 PS** (which translates to 710 horsepower).
*   **Speed:** It can go from 0–60 mph in just **2.8 seconds** and has a top speed of **212 mph (341 km/h)**.
*   **Transmission:** It uses a 7-speed dual-clutch transmission that shifts incredibly fast.

### 2. Iconic Design
*   **Dihedral Doors:** Like most McLarens, it has doors that swing upward, but the 720S is unique because the door hinges extend into the roof, making it much easier to get in and out of the car.
*   **"Eye Sockets":** The distinct, hollowed-out headlight housings are actually air intakes that channel cool air to the radiators, which allowed McLaren to design the car without large side-mounted air scoops, keeping the bodywork very sleek.
*   **Active Aero:** The rear wing acts as an "Airbrake" during hard braking, flipping up to increase drag and stability.

### 3. Chassis and Handling
*   **Monocage II:** The car is built around a carbon-fiber tub, making it exceptionally light (a dry weight of about 2,828 lbs). This rigidity is a huge part of why the car handles so precisely.
*   **Proactive Chassis Control II:** This system uses sensors to monitor the road surface and adjusts the suspension damping in milliseconds. It is famous for being incredibly track-capable while remaining comfortable enough to drive on the street.

### 4. The Interior
*   **Folding Driver Display:** One of the coolest features is the "Folding Driver Display." When you enter "Track Mode," the digital instrument cluster flips down to reveal a thin, minimalist display that shows only the essential information (RPM, gear, and speed) to reduce distractions.

### Why is it so special?
The 720S is often praised because it bridged the gap between a "standard" supercar and a hypercar. It was faster than almost anything in its class at the time, yet it was arguably more comfortable and easier to drive than its competitors like the Ferrari 488 GTB or the Lamborghini Huracán.

**Current Status:**
McLaren officially ended production of the 720S in 2023 to make way for its successor, the **McLaren 750S**, which features various refinements, a bit more power, and a lighter curb weight.

Are you looking into buying one, or are you just a fan of the engineering behind it, Aryan?
2026-03-30 00:00:21 | [TURN 003] [USER] What was the car i Was Talking about ?
2026-03-30 00:00:23 | [TURN 003] [AGENT] You were talking about the **McLaren 720S**! 

Is there anything specific about it you wanted to dive deeper into, or perhaps you'd like to compare it to another car?
2026-03-30 00:01:55 | [TURN 004] [USER] tell me about the company
2026-03-30 00:01:58 | [TURN 004] [AGENT] McLaren is a fascinating company because it is essentially two businesses in one: a legendary **Formula 1 racing team** and a world-class **supercar manufacturer**.

Here is the breakdown of how McLaren became what it is today:

### 1. The Origins: Bruce McLaren
The company was founded in **1963** by Bruce McLaren, a New Zealand-born racing driver, engineer, and designer. He started "Bruce McLaren Motor Racing" in a small garage in England. Sadly, Bruce died in 1970 while testing one of his own cars, but his vision for building the ultimate racing machines lived on.

### 2. The F1 Legacy
McLaren is the second-oldest active team in Formula 1 (after Ferrari). They have an incredible history of success:
*   **Championships:** They have won 8 Formula 1 Constructors' World Championships and 12 Drivers' World Championships.
*   **Legends:** Some of the greatest drivers in history—including Ayrton Senna, Alain Prost, Mika Häkkinen, and Lewis Hamilton—won their titles driving for McLaren.
*   **Innovation:** McLaren is known for "firsts" in F1, such as being the first team to use a full carbon-fiber chassis in 1981, a technology that is now the industry standard for all supercars.

### 3. McLaren Automotive (The Road Car Division)
While they had been racing for decades, they didn't become a "car company" in the traditional sense until much later:
*   **The McLaren F1 (1992):** This is the car that put them on the map as a manufacturer. Designed by Gordon Murray, it featured a unique 3-seat layout (driver in the center) and a gold-lined engine bay for heat reflection. For over a decade, it held the record for the world's fastest production car.
*   **Modern Era (2010–Present):** In 2010, McLaren Automotive was officially launched as a separate entity from the racing team. They started by launching the **MP4-12C**, which was designed to compete directly with Ferrari.

### 4. What makes McLaren different from other car companies?
*   **Carbon Fiber Obsession:** Every modern McLaren road car is built around a carbon-fiber tub (the "Monocage" or "Monocell"). Most other manufacturers use aluminum or steel for their standard cars, but McLaren uses carbon fiber for everything because it is incredibly strong and light.
*   **Racing DNA:** Unlike other luxury brands that "sprinkle" racing technology onto their cars, McLaren designs its road cars with the same engineers who design their F1 cars. They often say their cars are "racing cars for the road."
*   **No "Fluff":** McLaren has historically avoided building SUVs or "entry-level" cheap cars. They focus entirely on high-performance sports cars and hypercars.

### 5. Current Business Situation
It hasn't always been easy. The company has faced financial challenges in recent years, especially during the pandemic, because developing cutting-edge carbon-fiber technology is extremely expensive. They are currently transitioning toward hybrid technology (like in the McLaren Artura) and are looking toward an electrified future.

In short, McLaren is a brand for people who value **engineering, weight reduction, and precision** over the "lifestyle" branding that some other luxury car companies focus on.

Does the "racing heritage" part of the company interest you, Aryan, or are you more focused on their current lineup of cars?
2026-03-30 00:07:28 | [TURN 005] [USER] now tell me about Ferrari
2026-03-30 00:09:13 | [TURN 006] [USER] now tell me about Ferrari
