2026-03-29 23:50:13 | SESSION START | id=8f348dfb-c94d-4a41-8b74-54e7620959dd
2026-03-29 23:50:27 | [TURN 001] [USER] Hey , My name is Aryan
2026-03-29 23:50:29 | [TURN 001] [AGENT] Hello Aryan! It's nice to meet you. How can I help you today?
2026-03-29 23:50:41 | [TURN 002] [USER] Tell me About Mclaren 720s
2026-03-29 23:50:47 | [TURN 002] [AGENT] The **McLaren 720S** is widely considered one of the most significant supercars of the last decade. It replaced the 650S in 2017 and set a new benchmark for performance, aerodynamics, and technology in the "Super Series" lineup.

Here is a breakdown of what makes the 720S special:

### 1. Performance and Engine
*   **The Heart:** It is powered by a 4.0-liter twin-turbocharged V8 engine (the M840T). 
*   **Power Output:** As the name suggests, it produces **720 PS** (which translates to 710 horsepower). 
*   **Speed:** It can go from **0 to 60 mph in just 2.8 seconds** and has a top speed of **212 mph (341 km/h)**.
*   **Transmission:** It uses a 7-speed dual-clutch transmission that shifts with incredible speed, making it feel almost seamless.

### 2. Design and Aerodynamics
*   **"Eye Socket" Headlights:** The most iconic design feature is the deep-set headlight housing. These aren't just for looks; they are actually large air intakes that channel cool air into the radiators to manage the heat of the V8 engine.
*   **Dihedral Doors:** Like many McLarens, it features "butterfly" doors that swing upward and forward, which are both dramatic and functional for getting in and out of a low car.
*   **Active Rear Wing:** The car features an "Active Dynamics Panel" where the rear wing acts as an airbrake under heavy braking and adjusts itself to provide the perfect amount of downforce for cornering.

### 3. Engineering Highlights
*   **Monocage II:** The car is built around a carbon fiber tub called the "Monocage II." This makes the car extremely light (dry weight is around 2,828 lbs) and incredibly rigid, which contributes to its legendary handling.
*   **Proactive Chassis Control II:** Instead of traditional anti-roll bars, the 720S uses a sophisticated hydraulic suspension system. It allows the car to be incredibly compliant and comfortable on bumpy roads, yet razor-sharp on a racetrack.

### 4. The Interior
*   **Folding Driver Display:** One of the coolest interior features is the "Folding Driver Display." At the touch of a button, the instrument cluster folds down to reveal a minimalist screen—a feature designed for track driving so the driver can focus entirely on the road without distractions.

### 5. Status
*   **Current Status:** McLaren officially ended production of the 720S in 2023 to make way for its successor, the **McLaren 750S**. The 750S is essentially a refined, more powerful evolution of the 720S.

**Why people love it:**
Most automotive journalists and owners praise the 720S because it doesn't feel like a "heavy" supercar. It is famous for its **steering feel**—it uses hydraulic steering (rather than electric), which gives the driver much more feedback from the road compared to its competitors like the Ferrari F8 Tributo or the Lamborghini Huracán.

Are you a fan of McLaren, or are you looking to compare it to another car?
