2026-03-29 19:48:41 | SESSION START | id=b460bc2c-7ccb-4c4d-b860-dd7ed6af17e9
2026-03-29 19:48:57 | [TURN 001] [USER] Hey my name is aryan
2026-03-29 19:49:00 | [TURN 001] [AGENT] It's nice to meet you, Aryan! How are you doing today?
2026-03-29 19:49:01 | [TURN 001] [FACT] [personal] The user's name is Aryan.
2026-03-29 19:49:45 | [TURN 002] [USER] can you tell me a brief about the mclaren 540s
2026-03-29 19:49:47 | [TURN 002] [AGENT] The **McLaren 540C** (often confused with the 570S) is the entry-level model from McLaren’s "Sports Series," designed to be a more accessible, daily-usable supercar.

Here is a brief breakdown of what makes it special:

*   **Engine:** It features a 3.8-liter twin-turbocharged V8 engine mounted in the middle. It produces 533 horsepower (540 PS) and 398 lb-ft of torque.
*   **Performance:** It can accelerate from 0–60 mph in about 3.5 seconds and reach a top speed of 199 mph.
*   **Chassis:** Like all McLarens, it is built around a carbon-fiber "Monocell II" chassis, which makes the car incredibly lightweight and rigid compared to competitors in its price bracket.
*   **Design & Handling:** It has the signature McLaren "dihedral" (butterfly) doors. It is widely praised for its hydraulic steering feel, which is often considered more communicative and precise than the electronic steering systems found in many other modern sports cars.
*   **Positioning:** The 540C was designed to be more comfortable for everyday driving than the higher-tier "Super Series" models (like the 720S). It features a slightly softer suspension setup and a more user-friendly interior, making it a "practical" supercar.

**A quick note:** McLaren stopped production of the Sports Series (including the 540C and 570S) in recent years to make room for the new **Artura**, which uses a V6 hybrid powertrain.

Does this help with what you were looking for, Aryan, or are you comparing it to another car?
2026-03-29 19:49:50 | [TURN 002] [FACT] [personal] The user's name is Aryan.
2026-03-29 19:49:50 | [TURN 002] [FACT] [fact] The McLaren 540C is an entry-level sports series model featuring a 3.8-liter twin-turbocharged V8 engine.
2026-03-29 19:49:50 | [TURN 002] [FACT] [fact] McLaren discontinued the Sports Series, including the 540C, to focus on the V6 hybrid Artura.
2026-03-29 19:50:48 | [TURN 003] [USER] What is my name ?
2026-03-29 19:50:51 | [TURN 003] [AGENT] Your name is Aryan!
2026-03-29 19:50:52 | [TURN 003] [FACT] [personal] The user's name is Aryan.
2026-03-29 19:51:14 | SESSION END | id=b460bc2c-7ccb-4c4d-b860-dd7ed6af17e9 | turns=3
